// Jest Snapshot v1, https://goo.gl/fbAQLP

exports[`App Test Suite Should have a matching snapshot 1`] = `ShallowWrapper {}`;
